2021-06-07 17:20:24,714:DEBUG:Add: 20 + 10 = 30
2021-06-07 17:20:24,714:DEBUG:Sub: 20 - 10 = 10
2021-06-07 17:20:24,714:DEBUG:Mul: 20 * 10 = 200
2021-06-07 17:20:24,714:DEBUG:Div: 20 / 10 = 2.0
2021-06-07 17:21:57,339:INFO:Add: 20 + 10 = 30
2021-06-07 17:21:57,339:DEBUG:Sub: 20 - 10 = 10
2021-06-07 17:21:57,340:DEBUG:Mul: 20 * 10 = 200
2021-06-07 17:21:57,340:DEBUG:Div: 20 / 10 = 2.0
2021-06-07 17:22:48,881:DEBUG:Add: 20 + 10 = 30
2021-06-07 17:22:48,881:INFO:Sub: 20 - 10 = 10
2021-06-07 17:22:48,881:WARNING:Mul: 20 * 10 = 200
2021-06-07 17:22:48,881:ERROR:Div: 20 / 10 = 2.0
